// Jest Snapshot v1, https://goo.gl/fbAQLP

exports[`socialAuthView should match snapshot 1`] = `ShallowWrapper {}`;
